
> ar-io-marketplace-process@1.0.0 test:unit /Volumes/primary_all/ar-io-marketplace-process
> rm -rf coverage && mkdir -p coverage && echo '=== Running busted tests ===' && busted . && luacov && echo '
=== Coverage Report ===' && tail -20 coverage/luacov.report.out

=== Running busted tests ===
Loading source globals...
✓ Source globals loaded

Loading test setup...
Setting up test mocks and utilities...
✓ Test mocks created (ao, Handlers)
✓ Test setup loaded and initialized

Loading luacov for coverage tracking...
✓ luacov loaded successfully

Force-loading modules for coverage...
  ✓ Loaded: activity
  ✓ Loaded: dutch_auction
  ✓ Loaded: english_auction
  ✓ Loaded: fixed_price
  ✓ Loaded: intents
  ✓ Loaded: notices
  ✓ Loaded: types
  ✓ Loaded: ucm
  ✓ Loaded: utils
✓ All modules loaded for coverage tracking


=== Loading activity module for testing ===
✓ activity module loaded

--- Starting Activity tests ---
●●●●●
=== Loading CurrentListings module for testing ===
✓ CurrentListings module loaded

--- Starting CurrentListings tests ---
DEBUG ensurePairExists: Looking for pair	xU9zFkq3X2ZQ6olwNVvr1vUWIjc3kXTWr7xKQD6dh10	agYcCFJtrMG6cqMuZfskIkFTGvUPddICmtQSBIoPdiA
  Creating dominantToken level:	xU9zFkq3X2ZQ6olwNVvr1vUWIjc3kXTWr7xKQD6dh10
  Creating new pair:	xU9zFkq3X2ZQ6olwNVvr1vUWIjc3kXTWr7xKQD6dh10	->	agYcCFJtrMG6cqMuZfskIkFTGvUPddICmtQSBIoPdiA
DEBUG createOrder: dominantToken=	xU9zFkq3X2ZQ6olwNVvr1vUWIjc3kXTWr7xKQD6dh10	isBuyingAnt=	false	orderType=	fixed
●●●
=== Loading dutch_auction module for testing ===
✓ dutch_auction module loaded

--- Starting Dutch Auction tests ---
DEBUG ensurePairExists: Looking for pair	xU9zFkq3X2ZQ6olwNVvr1vUWIjc3kXTWr7xKQD6dh10	agYcCFJtrMG6cqMuZfskIkFTGvUPddICmtQSBIoPdiA
  Creating dominantToken level:	xU9zFkq3X2ZQ6olwNVvr1vUWIjc3kXTWr7xKQD6dh10
  Creating new pair:	xU9zFkq3X2ZQ6olwNVvr1vUWIjc3kXTWr7xKQD6dh10	->	agYcCFJtrMG6cqMuZfskIkFTGvUPddICmtQSBIoPdiA
DEBUG createOrder: dominantToken=	xU9zFkq3X2ZQ6olwNVvr1vUWIjc3kXTWr7xKQD6dh10	isBuyingAnt=	false	orderType=	dutch
●DEBUG: Orderbook before buy order
  Pair exists:	xU9zFkq3X2ZQ6olwNVvr1vUWIjc3kXTWr7xKQD6dh10	agYcCFJtrMG6cqMuZfskIkFTGvUPddICmtQSBIoPdiA
  Orders count:	1
  Order ID:	ant-sell-order
  Order Type:	dutch
  Are they equal?:	true
DEBUG ensurePairExists: Looking for pair	agYcCFJtrMG6cqMuZfskIkFTGvUPddICmtQSBIoPdiA	xU9zFkq3X2ZQ6olwNVvr1vUWIjc3kXTWr7xKQD6dh10
  Creating dominantToken level:	agYcCFJtrMG6cqMuZfskIkFTGvUPddICmtQSBIoPdiA
  Creating new pair:	agYcCFJtrMG6cqMuZfskIkFTGvUPddICmtQSBIoPdiA	->	xU9zFkq3X2ZQ6olwNVvr1vUWIjc3kXTWr7xKQD6dh10
DEBUG createOrder: dominantToken=	agYcCFJtrMG6cqMuZfskIkFTGvUPddICmtQSBIoPdiA	isBuyingAnt=	true	orderType=	dutch
DEBUG: Calling handleAntOrderAuctions
DEBUG ensurePairExists: Looking for pair	xU9zFkq3X2ZQ6olwNVvr1vUWIjc3kXTWr7xKQD6dh10	agYcCFJtrMG6cqMuZfskIkFTGvUPddICmtQSBIoPdiA
DEBUG handleAntOrderAuctions: orderType=	dutch
DEBUG: Loading and calling dutch_auction.handleAntOrder
DEBUG: dutch_auction module loaded, calling handleAntOrder
DEBUG handleAntOrder called, requestedOrderId=	ant-sell-order
  Orders in pair:	table: 0x11177dc20
  Order count:	1
DEBUG handleAntOrder: Checking order	ant-sell-order	ant-sell-order
  Not expired
  Is dutch type
  Comparing IDs:	ant-sell-order	vs	ant-sell-order
  ID matches! Proceeding to price check
DEBUG: dutch_auction.handleAntOrder returned
DEBUG: Orderbook after buy order
  Pair:	agYcCFJtrMG6cqMuZfskIkFTGvUPddICmtQSBIoPdiA	->	xU9zFkq3X2ZQ6olwNVvr1vUWIjc3kXTWr7xKQD6dh10	- Orders:	0
  Pair:	xU9zFkq3X2ZQ6olwNVvr1vUWIjc3kXTWr7xKQD6dh10	->	agYcCFJtrMG6cqMuZfskIkFTGvUPddICmtQSBIoPdiA	- Orders:	0
  Total pairs:	2
DEBUG Dutch matching: Transfer count:	2
  Transfer	1	:	Transfer	of	497500000000	to	ant-seller	at	agYcCFJtrMG6cqMuZfskIkFTGvUPddICmtQSBIoPdiA
  Transfer	2	:	Transfer	of	1	to	ario-buyer	at	xU9zFkq3X2ZQ6olwNVvr1vUWIjc3kXTWr7xKQD6dh10
DEBUG: Sent messages count in matching test:	3
  Message	1	:	Transfer	to	agYcCFJtrMG6cqMuZfskIkFTGvUPddICmtQSBIoPdiA
  Message	2	:	Transfer	to	xU9zFkq3X2ZQ6olwNVvr1vUWIjc3kXTWr7xKQD6dh10
  Message	3	:	Order-Success	to	ario-buyer
    Message text:	ANT order executed immediately in Dutch auction!
●DEBUG ensurePairExists: Looking for pair	agYcCFJtrMG6cqMuZfskIkFTGvUPddICmtQSBIoPdiA	xU9zFkq3X2ZQ6olwNVvr1vUWIjc3kXTWr7xKQD6dh10
  Creating dominantToken level:	agYcCFJtrMG6cqMuZfskIkFTGvUPddICmtQSBIoPdiA
  Creating new pair:	agYcCFJtrMG6cqMuZfskIkFTGvUPddICmtQSBIoPdiA	->	xU9zFkq3X2ZQ6olwNVvr1vUWIjc3kXTWr7xKQD6dh10
DEBUG createOrder: dominantToken=	agYcCFJtrMG6cqMuZfskIkFTGvUPddICmtQSBIoPdiA	isBuyingAnt=	true	orderType=	dutch
DEBUG: Calling handleAntOrderAuctions
DEBUG ensurePairExists: Looking for pair	xU9zFkq3X2ZQ6olwNVvr1vUWIjc3kXTWr7xKQD6dh10	agYcCFJtrMG6cqMuZfskIkFTGvUPddICmtQSBIoPdiA
DEBUG handleAntOrderAuctions: orderType=	dutch
DEBUG: Loading and calling dutch_auction.handleAntOrder
DEBUG: dutch_auction module loaded, calling handleAntOrder
DEBUG handleAntOrder called, requestedOrderId=	ant-sell-order
  Orders in pair:	table: 0x1155ef8e0
  Order count:	1
DEBUG handleAntOrder: Checking order	ant-sell-order	ant-sell-order
  Not expired
  Is dutch type
  Comparing IDs:	ant-sell-order	vs	ant-sell-order
  ID matches! Proceeding to price check
DEBUG: dutch_auction.handleAntOrder returned
●●●
=== Loading english_auction module for testing ===
✓ english_auction module loaded

--- Starting English Auction tests ---
DEBUG ensurePairExists: Looking for pair	xU9zFkq3X2ZQ6olwNVvr1vUWIjc3kXTWr7xKQD6dh10	agYcCFJtrMG6cqMuZfskIkFTGvUPddICmtQSBIoPdiA
  Creating dominantToken level:	xU9zFkq3X2ZQ6olwNVvr1vUWIjc3kXTWr7xKQD6dh10
  Creating new pair:	xU9zFkq3X2ZQ6olwNVvr1vUWIjc3kXTWr7xKQD6dh10	->	agYcCFJtrMG6cqMuZfskIkFTGvUPddICmtQSBIoPdiA
DEBUG createOrder: dominantToken=	xU9zFkq3X2ZQ6olwNVvr1vUWIjc3kXTWr7xKQD6dh10	isBuyingAnt=	false	orderType=	english
●DEBUG ensurePairExists: Looking for pair	xU9zFkq3X2ZQ6olwNVvr1vUWIjc3kXTWr7xKQD6dh10	agYcCFJtrMG6cqMuZfskIkFTGvUPddICmtQSBIoPdiA
  Creating dominantToken level:	xU9zFkq3X2ZQ6olwNVvr1vUWIjc3kXTWr7xKQD6dh10
  Creating new pair:	xU9zFkq3X2ZQ6olwNVvr1vUWIjc3kXTWr7xKQD6dh10	->	agYcCFJtrMG6cqMuZfskIkFTGvUPddICmtQSBIoPdiA
DEBUG createOrder: dominantToken=	xU9zFkq3X2ZQ6olwNVvr1vUWIjc3kXTWr7xKQD6dh10	isBuyingAnt=	false	orderType=	english
●●●●●●●●◼◼◼◼◼
=== Loading intents module for testing ===
✓ intents module loaded

--- Starting Intent Management tests ---
●●●●●●●●●●●●●●●●●●●●
=== Loading ucm module for testing ===
✓ ucm module loaded

--- Starting UCM tests ---
DEBUG ensurePairExists: Looking for pair	agYcCFJtrMG6cqMuZfskIkFTGvUPddICmtQSBIoPdiA	xU9zFkq3X2ZQ6olwNVvr1vUWIjc3kXTWr7xKQD6dh10
  Creating dominantToken level:	agYcCFJtrMG6cqMuZfskIkFTGvUPddICmtQSBIoPdiA
  Creating new pair:	agYcCFJtrMG6cqMuZfskIkFTGvUPddICmtQSBIoPdiA	->	xU9zFkq3X2ZQ6olwNVvr1vUWIjc3kXTWr7xKQD6dh10
DEBUG createOrder: dominantToken=	agYcCFJtrMG6cqMuZfskIkFTGvUPddICmtQSBIoPdiA	isBuyingAnt=	true	orderType=	fixed
DEBUG: Calling handleAntOrderAuctions
DEBUG ensurePairExists: Looking for pair	xU9zFkq3X2ZQ6olwNVvr1vUWIjc3kXTWr7xKQD6dh10	agYcCFJtrMG6cqMuZfskIkFTGvUPddICmtQSBIoPdiA
  Creating dominantToken level:	xU9zFkq3X2ZQ6olwNVvr1vUWIjc3kXTWr7xKQD6dh10
  Creating new pair:	xU9zFkq3X2ZQ6olwNVvr1vUWIjc3kXTWr7xKQD6dh10	->	agYcCFJtrMG6cqMuZfskIkFTGvUPddICmtQSBIoPdiA
DEBUG handleAntOrderAuctions: orderType=	fixed
◼DEBUG ensurePairExists: Looking for pair	agYcCFJtrMG6cqMuZfskIkFTGvUPddICmtQSBIoPdiA	xU9zFkq3X2ZQ6olwNVvr1vUWIjc3kXTWr7xKQD6dh10
  Creating dominantToken level:	agYcCFJtrMG6cqMuZfskIkFTGvUPddICmtQSBIoPdiA
  Creating new pair:	agYcCFJtrMG6cqMuZfskIkFTGvUPddICmtQSBIoPdiA	->	xU9zFkq3X2ZQ6olwNVvr1vUWIjc3kXTWr7xKQD6dh10
DEBUG createOrder: dominantToken=	agYcCFJtrMG6cqMuZfskIkFTGvUPddICmtQSBIoPdiA	isBuyingAnt=	true	orderType=	fixed
DEBUG: Calling handleAntOrderAuctions
DEBUG ensurePairExists: Looking for pair	xU9zFkq3X2ZQ6olwNVvr1vUWIjc3kXTWr7xKQD6dh10	agYcCFJtrMG6cqMuZfskIkFTGvUPddICmtQSBIoPdiA
  Creating dominantToken level:	xU9zFkq3X2ZQ6olwNVvr1vUWIjc3kXTWr7xKQD6dh10
  Creating new pair:	xU9zFkq3X2ZQ6olwNVvr1vUWIjc3kXTWr7xKQD6dh10	->	agYcCFJtrMG6cqMuZfskIkFTGvUPddICmtQSBIoPdiA
DEBUG handleAntOrderAuctions: orderType=	fixed
◼DEBUG ensurePairExists: Looking for pair	xU9zFkq3X2ZQ6olwNVvr1vUWIjc3kXTWr7xKQD6dh10	agYcCFJtrMG6cqMuZfskIkFTGvUPddICmtQSBIoPdiA
  Creating dominantToken level:	xU9zFkq3X2ZQ6olwNVvr1vUWIjc3kXTWr7xKQD6dh10
  Creating new pair:	xU9zFkq3X2ZQ6olwNVvr1vUWIjc3kXTWr7xKQD6dh10	->	agYcCFJtrMG6cqMuZfskIkFTGvUPddICmtQSBIoPdiA
DEBUG createOrder: dominantToken=	xU9zFkq3X2ZQ6olwNVvr1vUWIjc3kXTWr7xKQD6dh10	isBuyingAnt=	false	orderType=	fixed
●DEBUG ensurePairExists: Looking for pair	xU9zFkq3X2ZQ6olwNVvr1vUWIjc3kXTWr7xKQD6dh10	agYcCFJtrMG6cqMuZfskIkFTGvUPddICmtQSBIoPdiA
  Creating dominantToken level:	xU9zFkq3X2ZQ6olwNVvr1vUWIjc3kXTWr7xKQD6dh10
  Creating new pair:	xU9zFkq3X2ZQ6olwNVvr1vUWIjc3kXTWr7xKQD6dh10	->	agYcCFJtrMG6cqMuZfskIkFTGvUPddICmtQSBIoPdiA
DEBUG createOrder: dominantToken=	xU9zFkq3X2ZQ6olwNVvr1vUWIjc3kXTWr7xKQD6dh10	isBuyingAnt=	false	orderType=	fixed
●DEBUG ensurePairExists: Looking for pair	xU9zFkq3X2ZQ6olwNVvr1vUWIjc3kXTWr7xKQD6dh10	agYcCFJtrMG6cqMuZfskIkFTGvUPddICmtQSBIoPdiA
  Creating dominantToken level:	xU9zFkq3X2ZQ6olwNVvr1vUWIjc3kXTWr7xKQD6dh10
  Creating new pair:	xU9zFkq3X2ZQ6olwNVvr1vUWIjc3kXTWr7xKQD6dh10	->	agYcCFJtrMG6cqMuZfskIkFTGvUPddICmtQSBIoPdiA
DEBUG createOrder: dominantToken=	xU9zFkq3X2ZQ6olwNVvr1vUWIjc3kXTWr7xKQD6dh10	isBuyingAnt=	false	orderType=	fixed
●●Both pair elements must be valid addresses
●●●◼●●●Both pair elements must be valid addresses
●Pair addresses cannot be equal
●Both pair elements must be valid addresses
●●●●●●DEBUG ensurePairExists: Looking for pair	agYcCFJtrMG6cqMuZfskIkFTGvUPddICmtQSBIoPdiA	xU9zFkq3X2ZQ6olwNVvr1vUWIjc3kXTWr7xKQD6dh10
DEBUG createOrder: dominantToken=	agYcCFJtrMG6cqMuZfskIkFTGvUPddICmtQSBIoPdiA	isBuyingAnt=	true	orderType=	fixed
DEBUG: Calling handleAntOrderAuctions
DEBUG ensurePairExists: Looking for pair	xU9zFkq3X2ZQ6olwNVvr1vUWIjc3kXTWr7xKQD6dh10	agYcCFJtrMG6cqMuZfskIkFTGvUPddICmtQSBIoPdiA
  Creating dominantToken level:	xU9zFkq3X2ZQ6olwNVvr1vUWIjc3kXTWr7xKQD6dh10
  Creating new pair:	xU9zFkq3X2ZQ6olwNVvr1vUWIjc3kXTWr7xKQD6dh10	->	agYcCFJtrMG6cqMuZfskIkFTGvUPddICmtQSBIoPdiA
DEBUG handleAntOrderAuctions: orderType=	fixed
◼DEBUG ensurePairExists: Looking for pair	agYcCFJtrMG6cqMuZfskIkFTGvUPddICmtQSBIoPdiA	xU9zFkq3X2ZQ6olwNVvr1vUWIjc3kXTWr7xKQD6dh10
  Creating dominantToken level:	agYcCFJtrMG6cqMuZfskIkFTGvUPddICmtQSBIoPdiA
  Creating new pair:	agYcCFJtrMG6cqMuZfskIkFTGvUPddICmtQSBIoPdiA	->	xU9zFkq3X2ZQ6olwNVvr1vUWIjc3kXTWr7xKQD6dh10
DEBUG createOrder: dominantToken=	agYcCFJtrMG6cqMuZfskIkFTGvUPddICmtQSBIoPdiA	isBuyingAnt=	true	orderType=	fixed
DEBUG: Calling handleAntOrderAuctions
DEBUG ensurePairExists: Looking for pair	xU9zFkq3X2ZQ6olwNVvr1vUWIjc3kXTWr7xKQD6dh10	agYcCFJtrMG6cqMuZfskIkFTGvUPddICmtQSBIoPdiA
  Creating dominantToken level:	xU9zFkq3X2ZQ6olwNVvr1vUWIjc3kXTWr7xKQD6dh10
  Creating new pair:	xU9zFkq3X2ZQ6olwNVvr1vUWIjc3kXTWr7xKQD6dh10	->	agYcCFJtrMG6cqMuZfskIkFTGvUPddICmtQSBIoPdiA
DEBUG handleAntOrderAuctions: orderType=	fixed
◼DEBUG ensurePairExists: Looking for pair	agYcCFJtrMG6cqMuZfskIkFTGvUPddICmtQSBIoPdiA	xU9zFkq3X2ZQ6olwNVvr1vUWIjc3kXTWr7xKQD6dh10
  Creating dominantToken level:	agYcCFJtrMG6cqMuZfskIkFTGvUPddICmtQSBIoPdiA
  Creating new pair:	agYcCFJtrMG6cqMuZfskIkFTGvUPddICmtQSBIoPdiA	->	xU9zFkq3X2ZQ6olwNVvr1vUWIjc3kXTWr7xKQD6dh10
DEBUG createOrder: dominantToken=	agYcCFJtrMG6cqMuZfskIkFTGvUPddICmtQSBIoPdiA	isBuyingAnt=	true	orderType=	fixed
DEBUG: Calling handleAntOrderAuctions
DEBUG ensurePairExists: Looking for pair	xU9zFkq3X2ZQ6olwNVvr1vUWIjc3kXTWr7xKQD6dh10	agYcCFJtrMG6cqMuZfskIkFTGvUPddICmtQSBIoPdiA
  Creating dominantToken level:	xU9zFkq3X2ZQ6olwNVvr1vUWIjc3kXTWr7xKQD6dh10
  Creating new pair:	xU9zFkq3X2ZQ6olwNVvr1vUWIjc3kXTWr7xKQD6dh10	->	agYcCFJtrMG6cqMuZfskIkFTGvUPddICmtQSBIoPdiA
DEBUG handleAntOrderAuctions: orderType=	fixed
◼Both pair elements must be valid addresses
●DEBUG ensurePairExists: Looking for pair	agYcCFJtrMG6cqMuZfskIkFTGvUPddICmtQSBIoPdiA	xU9zFkq3X2ZQ6olwNVvr1vUWIjc3kXTWr7xKQD6dh10
  Creating dominantToken level:	agYcCFJtrMG6cqMuZfskIkFTGvUPddICmtQSBIoPdiA
  Creating new pair:	agYcCFJtrMG6cqMuZfskIkFTGvUPddICmtQSBIoPdiA	->	xU9zFkq3X2ZQ6olwNVvr1vUWIjc3kXTWr7xKQD6dh10
DEBUG createOrder: dominantToken=	agYcCFJtrMG6cqMuZfskIkFTGvUPddICmtQSBIoPdiA	isBuyingAnt=	true	orderType=	fixed
DEBUG: Calling handleAntOrderAuctions
DEBUG ensurePairExists: Looking for pair	xU9zFkq3X2ZQ6olwNVvr1vUWIjc3kXTWr7xKQD6dh10	agYcCFJtrMG6cqMuZfskIkFTGvUPddICmtQSBIoPdiA
  Creating dominantToken level:	xU9zFkq3X2ZQ6olwNVvr1vUWIjc3kXTWr7xKQD6dh10
  Creating new pair:	xU9zFkq3X2ZQ6olwNVvr1vUWIjc3kXTWr7xKQD6dh10	->	agYcCFJtrMG6cqMuZfskIkFTGvUPddICmtQSBIoPdiA
DEBUG handleAntOrderAuctions: orderType=	fixed
◼DEBUG ensurePairExists: Looking for pair	agYcCFJtrMG6cqMuZfskIkFTGvUPddICmtQSBIoPdiA	xU9zFkq3X2ZQ6olwNVvr1vUWIjc3kXTWr7xKQD6dh10
  Creating dominantToken level:	agYcCFJtrMG6cqMuZfskIkFTGvUPddICmtQSBIoPdiA
  Creating new pair:	agYcCFJtrMG6cqMuZfskIkFTGvUPddICmtQSBIoPdiA	->	xU9zFkq3X2ZQ6olwNVvr1vUWIjc3kXTWr7xKQD6dh10
DEBUG createOrder: dominantToken=	agYcCFJtrMG6cqMuZfskIkFTGvUPddICmtQSBIoPdiA	isBuyingAnt=	true	orderType=	fixed
DEBUG: Calling handleAntOrderAuctions
DEBUG ensurePairExists: Looking for pair	xU9zFkq3X2ZQ6olwNVvr1vUWIjc3kXTWr7xKQD6dh10	agYcCFJtrMG6cqMuZfskIkFTGvUPddICmtQSBIoPdiA
  Creating dominantToken level:	xU9zFkq3X2ZQ6olwNVvr1vUWIjc3kXTWr7xKQD6dh10
  Creating new pair:	xU9zFkq3X2ZQ6olwNVvr1vUWIjc3kXTWr7xKQD6dh10	->	agYcCFJtrMG6cqMuZfskIkFTGvUPddICmtQSBIoPdiA
DEBUG handleAntOrderAuctions: orderType=	fixed
◼DEBUG ensurePairExists: Looking for pair	xU9zFkq3X2ZQ6olwNVvr1vUWIjc3kXTWr7xKQD6dh10	agYcCFJtrMG6cqMuZfskIkFTGvUPddICmtQSBIoPdiA
  Creating dominantToken level:	xU9zFkq3X2ZQ6olwNVvr1vUWIjc3kXTWr7xKQD6dh10
  Creating new pair:	xU9zFkq3X2ZQ6olwNVvr1vUWIjc3kXTWr7xKQD6dh10	->	agYcCFJtrMG6cqMuZfskIkFTGvUPddICmtQSBIoPdiA
DEBUG createOrder: dominantToken=	xU9zFkq3X2ZQ6olwNVvr1vUWIjc3kXTWr7xKQD6dh10	isBuyingAnt=	false	orderType=	fixed
◼Both pair elements must be valid addresses
◼◼DEBUG ensurePairExists: Looking for pair	agYcCFJtrMG6cqMuZfskIkFTGvUPddICmtQSBIoPdiA	xU9zFkq3X2ZQ6olwNVvr1vUWIjc3kXTWr7xKQD6dh10
  Creating dominantToken level:	agYcCFJtrMG6cqMuZfskIkFTGvUPddICmtQSBIoPdiA
  Creating new pair:	agYcCFJtrMG6cqMuZfskIkFTGvUPddICmtQSBIoPdiA	->	xU9zFkq3X2ZQ6olwNVvr1vUWIjc3kXTWr7xKQD6dh10
DEBUG createOrder: dominantToken=	agYcCFJtrMG6cqMuZfskIkFTGvUPddICmtQSBIoPdiA	isBuyingAnt=	true	orderType=	fixed
DEBUG: Calling handleAntOrderAuctions
DEBUG ensurePairExists: Looking for pair	xU9zFkq3X2ZQ6olwNVvr1vUWIjc3kXTWr7xKQD6dh10	agYcCFJtrMG6cqMuZfskIkFTGvUPddICmtQSBIoPdiA
  Creating dominantToken level:	xU9zFkq3X2ZQ6olwNVvr1vUWIjc3kXTWr7xKQD6dh10
  Creating new pair:	xU9zFkq3X2ZQ6olwNVvr1vUWIjc3kXTWr7xKQD6dh10	->	agYcCFJtrMG6cqMuZfskIkFTGvUPddICmtQSBIoPdiA
DEBUG handleAntOrderAuctions: orderType=	fixed
◼●●
=== Loading utils module for testing ===
✓ utils module loaded
✓ json module loaded
✓ bint module loaded

--- Starting utils tests ---
●●●●●●●●●●●●●●●●●●●●●●●●●●●●●●●●●●●●●●●●●●●●●●●●●●●●●●●●●●●●●●●●●●●●●●●●●●●●●◼◼◼◼●●●●●●●●●●●●●●●●●●●●●●●●●●●●●●●●●●●●●●●●●●●●●●●●●●●Pair must be a list of exactly two strings - [TokenId, TokenId]
●Both pair elements must be strings
●Both pair elements must be valid addresses
●Pair addresses cannot be equal
●●●●●●●●●●●●●●●●●●●●●●●●●●●●●●●●●●●●●●●●
234 successes / 21 failures / 0 errors / 0 pending : 1.122783 seconds

Failure → ./spec/english_auction_spec.lua @ 253
English Auction Bidding logic should accept first bid on active auction
./spec/english_auction_spec.lua:297: Expected objects to not be the same.
Passed in:
(nil)
Did not expect:
type nil

stack traceback:
	./spec/english_auction_spec.lua:297: in function <./spec/english_auction_spec.lua:253>


Failure → ./spec/english_auction_spec.lua @ 303
English Auction Bidding logic should accept second bid and return first bid
./spec/english_auction_spec.lua:359: Expected objects to be equal.
Passed in:
(string) 'bidder-1'
Expected:
(string) 'bidder-2'

stack traceback:
	./spec/english_auction_spec.lua:359: in function <./spec/english_auction_spec.lua:303>


Failure → ./spec/english_auction_spec.lua @ 374
English Auction Bidding logic should reject bid lower than current highest
./spec/english_auction_spec.lua:430: Expected objects to be equal.
Passed in:
(string) 'Transfer'
Expected:
(string) 'Validation-Error'

stack traceback:
	./spec/english_auction_spec.lua:430: in function <./spec/english_auction_spec.lua:374>


Failure → ./spec/english_auction_spec.lua @ 433
English Auction Bidding logic should reject bid below minimum 1 ARIO increment
./spec/english_auction_spec.lua:489: Expected objects to be equal.
Passed in:
(string) 'Transfer'
Expected:
(string) 'Validation-Error'

stack traceback:
	./spec/english_auction_spec.lua:489: in function <./spec/english_auction_spec.lua:433>


Failure → ./spec/english_auction_spec.lua @ 492
English Auction Bidding logic should accept bid that meets minimum 1 ARIO increment
./spec/english_auction_spec.lua:548: Expected objects to be equal.
Passed in:
(string) 'bidder-1'
Expected:
(string) 'bidder-2'

stack traceback:
	./spec/english_auction_spec.lua:548: in function <./spec/english_auction_spec.lua:492>


Failure → ./spec/ucm_spec.lua @ 38
UCM (Unified Catalog Marketplace) Immediate trade execution should execute immediate trade when selling ARIO to buy ANT with matching ANT order
./spec/ucm_spec.lua:80: Expected objects to be equal.
Passed in:
(number) 1
Expected:
(number) 2

stack traceback:
	./spec/ucm_spec.lua:80: in function <./spec/ucm_spec.lua:38>


Failure → ./spec/ucm_spec.lua @ 97
UCM (Unified Catalog Marketplace) Immediate trade execution should execute immediate trade with valid expiration time when selling ARIO to buy ANT
./spec/ucm_spec.lua:137: Expected objects to be equal.
Passed in:
(number) 1
Expected:
(number) 2

stack traceback:
	./spec/ucm_spec.lua:137: in function <./spec/ucm_spec.lua:97>


Failure → ./spec/ucm_spec.lua @ 268
UCM (Unified Catalog Marketplace) Order validation should reject ANT sell order with quantity greater than 1
./spec/ucm_spec.lua:281: Expected objects to be equal.
Passed in:
(string) 'Transfer'
Expected:
(string) 'Validation-Error'

stack traceback:
	./spec/ucm_spec.lua:281: in function <./spec/ucm_spec.lua:268>


Failure → ./spec/ucm_spec.lua @ 486
UCM (Unified Catalog Marketplace) Fee calculations should apply correct fees to successful ANT trades when buying with ARIO
./spec/ucm_spec.lua:519: Expected objects to be equal.
Passed in:
(string) '1000000000000'
Expected:
(string) '995000000000'

stack traceback:
	./spec/ucm_spec.lua:519: in function <./spec/ucm_spec.lua:486>


Failure → ./spec/ucm_spec.lua @ 523
UCM (Unified Catalog Marketplace) Fee calculations should handle fee calculation with very small amounts when buying ANT with ARIO
./spec/ucm_spec.lua:563: Expected objects to be equal.
Passed in:
(number) 1
Expected:
(number) 2

stack traceback:
	./spec/ucm_spec.lua:563: in function <./spec/ucm_spec.lua:523>


Failure → ./spec/ucm_spec.lua @ 568
UCM (Unified Catalog Marketplace) Order matching edge cases should fail when buying ANT with ARIO but no ANT orders exist to match against
./spec/ucm_spec.lua:583: Expected objects to be equal.
Passed in:
(string) 'Transfer'
Expected:
(string) 'Order-Error'

stack traceback:
	./spec/ucm_spec.lua:583: in function <./spec/ucm_spec.lua:568>


Failure → ./spec/ucm_spec.lua @ 629
UCM (Unified Catalog Marketplace) Order matching edge cases should reject partial ANT purchase when buying with ARIO
./spec/ucm_spec.lua:668: Expected objects to be equal.
Passed in:
(string) 'Transfer'
Expected:
(string) 'Order-Error'

stack traceback:
	./spec/ucm_spec.lua:668: in function <./spec/ucm_spec.lua:629>


Failure → ./spec/ucm_spec.lua @ 671
UCM (Unified Catalog Marketplace) Order matching edge cases should not match expired ANT orders
./spec/ucm_spec.lua:711: Expected objects to be equal.
Passed in:
(string) 'Transfer'
Expected:
(string) 'Order-Error'

stack traceback:
	./spec/ucm_spec.lua:711: in function <./spec/ucm_spec.lua:671>


Failure → ./spec/ucm_spec.lua @ 716
UCM (Unified Catalog Marketplace) Duplicate order handling should reject duplicate ANT sell order for same ANT token
./spec/ucm_spec.lua:755: Expected objects to be equal.
Passed in:
(string) 'Order-Success'
Expected:
(string) 'Order-Error'

stack traceback:
	./spec/ucm_spec.lua:755: in function <./spec/ucm_spec.lua:716>


Failure → ./spec/ucm_spec.lua @ 758
UCM (Unified Catalog Marketplace) Duplicate order handling should allow different ANT tokens to be sold simultaneously
./spec/ucm_spec.lua:803: Expected objects to be equal.
Passed in:
(number) 1
Expected:
(number) 2

stack traceback:
	./spec/ucm_spec.lua:803: in function <./spec/ucm_spec.lua:758>


Failure → ./spec/ucm_spec.lua @ 808
UCM (Unified Catalog Marketplace) ARIO purchase validation should reject ARIO dominant order without requestedOrderId
./spec/ucm_spec.lua:821: Expected objects to be equal.
Passed in:
(string) 'Transfer'
Expected:
(string) 'Order-Error'

stack traceback:
	./spec/ucm_spec.lua:821: in function <./spec/ucm_spec.lua:808>


Failure → ./spec/ucm_spec.lua @ 824
UCM (Unified Catalog Marketplace) ARIO purchase validation should reject ANT purchase when user sends different ARIO quantity than ANT sell order price
./spec/ucm_spec.lua:863: Expected objects to be equal.
Passed in:
(string) 'Transfer'
Expected:
(string) 'Order-Error'

stack traceback:
	./spec/ucm_spec.lua:863: in function <./spec/ucm_spec.lua:824>


Failure → ./spec/utils_spec.lua @ 527
utils executeTokenTransfers sends tokens to seller and buyer with expected quantities (no fees recorded)
./spec/utils_spec.lua:539: Expected objects to be the same.
Passed in:
(table: 0x1117e3ac0) {
 *[1] = {
    [Action] = 'Transfer'
    [Tags] = {
      [Quantity] = '995'
      [Recipient] = 'seller-addr' } }
  [2] = {
    [Action] = 'Transfer'
    [Tags] = {
      [Quantity] = '1'
      [Recipient] = 'buyer-addr' }
    [Target] = 'BUY_TOKEN_PROCESS' } }
Expected:
(table: 0x1316d9340) {
 *[1] = {
    [Action] = 'Transfer'
    [Tags] = {
      [Quantity] = '995'
      [Recipient] = 'seller-addr' }
   *[Target] = 'SELL_TOKEN_PROCESS' }
  [2] = {
    [Action] = 'Transfer'
    [Tags] = {
      [Quantity] = '1'
      [Recipient] = 'buyer-addr' }
    [Target] = 'BUY_TOKEN_PROCESS' } }

stack traceback:
	./spec/utils_spec.lua:539: in function <./spec/utils_spec.lua:527>


Failure → ./spec/utils_spec.lua @ 527
utils executeTokenTransfers records fee when originalSendAmount greater than calculatedSendAmount
./spec/utils_spec.lua:539: Expected objects to be the same.
Passed in:
(table: 0x1155de410) {
 *[1] = {
    [Action] = 'Transfer'
    [Tags] = {
      [Quantity] = '995'
      [Recipient] = 'seller-addr' } }
  [2] = {
    [Action] = 'Transfer'
    [Tags] = {
      [Quantity] = '1'
      [Recipient] = 'buyer-addr' }
    [Target] = 'BUY_TOKEN_PROCESS' } }
Expected:
(table: 0x131652260) {
 *[1] = {
    [Action] = 'Transfer'
    [Tags] = {
      [Quantity] = '995'
      [Recipient] = 'seller-addr' }
   *[Target] = 'SELL_TOKEN_PROCESS' }
  [2] = {
    [Action] = 'Transfer'
    [Tags] = {
      [Quantity] = '1'
      [Recipient] = 'buyer-addr' }
    [Target] = 'BUY_TOKEN_PROCESS' } }

stack traceback:
	./spec/utils_spec.lua:539: in function <./spec/utils_spec.lua:527>


Failure → ./spec/utils_spec.lua @ 527
utils executeTokenTransfers does not record fee when original equals calculated
./spec/utils_spec.lua:539: Expected objects to be the same.
Passed in:
(table: 0x1155cf4d0) {
 *[1] = {
    [Action] = 'Transfer'
    [Tags] = {
      [Quantity] = '995'
      [Recipient] = 'seller-addr' } }
  [2] = {
    [Action] = 'Transfer'
    [Tags] = {
      [Quantity] = '1'
      [Recipient] = 'buyer-addr' }
    [Target] = 'BUY_TOKEN_PROCESS' } }
Expected:
(table: 0x1228ae7f0) {
 *[1] = {
    [Action] = 'Transfer'
    [Tags] = {
      [Quantity] = '995'
      [Recipient] = 'seller-addr' }
   *[Target] = 'SELL_TOKEN_PROCESS' }
  [2] = {
    [Action] = 'Transfer'
    [Tags] = {
      [Quantity] = '1'
      [Recipient] = 'buyer-addr' }
    [Target] = 'BUY_TOKEN_PROCESS' } }

stack traceback:
	./spec/utils_spec.lua:539: in function <./spec/utils_spec.lua:527>


Failure → ./spec/utils_spec.lua @ 527
utils executeTokenTransfers does not record fee when original less than calculated
./spec/utils_spec.lua:539: Expected objects to be the same.
Passed in:
(table: 0x11173f620) {
 *[1] = {
    [Action] = 'Transfer'
    [Tags] = {
      [Quantity] = '995'
      [Recipient] = 'seller-addr' } }
  [2] = {
    [Action] = 'Transfer'
    [Tags] = {
      [Quantity] = '1'
      [Recipient] = 'buyer-addr' }
    [Target] = 'BUY_TOKEN_PROCESS' } }
Expected:
(table: 0x1228221f0) {
 *[1] = {
    [Action] = 'Transfer'
    [Tags] = {
      [Quantity] = '995'
      [Recipient] = 'seller-addr' }
   *[Target] = 'SELL_TOKEN_PROCESS' }
  [2] = {
    [Action] = 'Transfer'
    [Tags] = {
      [Quantity] = '1'
      [Recipient] = 'buyer-addr' }
    [Target] = 'BUY_TOKEN_PROCESS' } }

stack traceback:
	./spec/utils_spec.lua:539: in function <./spec/utils_spec.lua:527>


=== All tests completed ===
Coverage data will be written to: coverage/luacov.stats.out
Run 'luacov' to generate the coverage report
 ELIFECYCLE  Command failed with exit code 1.
